Usando o Git

clicar com botão direito e selecionar "git bash here" 

Comandos para commit de arquivos

$ git add ./"nome do arquivo"

$ git commit -m "mensagem"

$ git push


chiar@LAPTOP-6ELOQFSE MINGW64 ~/OneDrive/GitLocal
$ git init
Initialized empty Git repository in C:/Users/chiar/OneDrive/GitLocal/.git/

chiar@LAPTOP-6ELOQFSE MINGW64 ~/OneDrive/GitLocal (master)
$ git add README.md
fatal: pathspec 'README.md' did not match any files

chiar@LAPTOP-6ELOQFSE MINGW64 ~/OneDrive/GitLocal (master)
$ git status
On branch master

No commits yet

Untracked files:
  (use "git add <file>..." to include in what will be committed)
        README.md

nothing added to commit but untracked files present (use "git add" to track)

chiar@LAPTOP-6ELOQFSE MINGW64 ~/OneDrive/GitLocal (master)
$ git add readme.md

chiar@LAPTOP-6ELOQFSE MINGW64 ~/OneDrive/GitLocal (master)
$ git status
On branch master

No commits yet

Untracked files:
  (use "git add <file>..." to include in what will be committed)
        README.md

nothing added to commit but untracked files present (use "git add" to track)

chiar@LAPTOP-6ELOQFSE MINGW64 ~/OneDrive/GitLocal (master)
$ git add .

chiar@LAPTOP-6ELOQFSE MINGW64 ~/OneDrive/GitLocal (master)
$ git status
On branch master

No commits yet

Changes to be committed:
  (use "git rm --cached <file>..." to unstage)
        new file:   README.md


chiar@LAPTOP-6ELOQFSE MINGW64 ~/OneDrive/GitLocal (master)
$ git commit -m "Mensagem do Commit"

*** Please tell me who you are.

Run

  git config --global user.email "you@example.com"
  git config --global user.name "Your Name"

to set your account's default identity.
Omit --global to set the identity only in this repository.

fatal: unable to auto-detect email address (got 'chiar@LAPTOP-6ELOQFSE.(none)')

chiar@LAPTOP-6ELOQFSE MINGW64 ~/OneDrive/GitLocal (master)
$ ^C

chiar@LAPTOP-6ELOQFSE MINGW64 ~/OneDrive/GitLocal (master)
$

chiar@LAPTOP-6ELOQFSE MINGW64 ~/OneDrive/GitLocal (master)
$ git config --global user.email "chiarelli.gustavo.gco@gmail.com"

chiar@LAPTOP-6ELOQFSE MINGW64 ~/OneDrive/GitLocal (master)
$ git config --glocal user.name "Gustavo"
error: unknown option `glocal'
usage: git config [<options>]

Config file location
    --global              use global config file
    --system              use system config file
    --local               use repository config file
    --worktree            use per-worktree config file
    -f, --file <file>     use given config file
    --blob <blob-id>      read config from given blob object

Action
    --get                 get value: name [value-regex]
    --get-all             get all values: key [value-regex]
    --get-regexp          get values for regexp: name-regex [value-regex]
    --get-urlmatch        get value specific for the URL: section[.var] URL
    --replace-all         replace all matching variables: name value [value_regex]
    --add                 add a new variable: name value
    --unset               remove a variable: name [value-regex]
    --unset-all           remove all matches: name [value-regex]
    --rename-section      rename section: old-name new-name
    --remove-section      remove a section: name
    -l, --list            list all
    -e, --edit            open an editor
    --get-color           find the color configured: slot [default]
    --get-colorbool       find the color setting: slot [stdout-is-tty]

Type
    -t, --type <>         value is given this type
    --bool                value is "true" or "false"
    --int                 value is decimal number
    --bool-or-int         value is --bool or --int
    --path                value is a path (file or directory name)
    --expiry-date         value is an expiry date

Other
    -z, --null            terminate values with NUL byte
    --name-only           show variable names only
    --includes            respect include directives on lookup
    --show-origin         show origin of config (file, standard input, blob, command line)
    --show-scope          show scope of config (worktree, local, global, system, command)
    --default <value>     with --get, use default value when missing entry


chiar@LAPTOP-6ELOQFSE MINGW64 ~/OneDrive/GitLocal (master)
$ git config --global user.name "Chiarelligco"

chiar@LAPTOP-6ELOQFSE MINGW64 ~/OneDrive/GitLocal (master)
$ git commit -m "Primeiro commit"
[master (root-commit) df54cac] Primeiro commit
 1 file changed, 0 insertions(+), 0 deletions(-)
 create mode 100644 README.md

chiar@LAPTOP-6ELOQFSE MINGW64 ~/OneDrive/GitLocal (master)
$ git remote add origin https://github.com/chiarelligco/PrimeiroProjeto.git
bash: $'\302\226git': command not found

chiar@LAPTOP-6ELOQFSE MINGW64 ~/OneDrive/GitLocal (master)
$ git status
On branch master
nothing to commit, working tree clean

chiar@LAPTOP-6ELOQFSE MINGW64 ~/OneDrive/GitLocal (master)
$ git origin
git: 'origin' is not a git command. See 'git --help'.

chiar@LAPTOP-6ELOQFSE MINGW64 ~/OneDrive/GitLocal (master)
$ git branch
* master

chiar@LAPTOP-6ELOQFSE MINGW64 ~/OneDrive/GitLocal (master)
$ git remote add origin
usage: git remote add [<options>] <name> <url>

    -f, --fetch           fetch the remote branches
    --tags                import all tags and associated objects when fetching
                          or do not fetch any tag at all (--no-tags)
    -t, --track <branch>  branch(es) to track
    -m, --master <branch>
                          master branch
    --mirror[=(push|fetch)]
                          set up remote as a mirror to push to or fetch from


chiar@LAPTOP-6ELOQFSE MINGW64 ~/OneDrive/GitLocal (master)
$

chiar@LAPTOP-6ELOQFSE MINGW64 ~/OneDrive/GitLocal (master)
$ git remote add origin https://github.com/chiarelligco/PrimeiroProjeto.git

chiar@LAPTOP-6ELOQFSE MINGW64 ~/OneDrive/GitLocal (master)
$ git push
fatal: The current branch master has no upstream branch.
To push the current branch and set the remote as upstream, use

    git push --set-upstream origin master


chiar@LAPTOP-6ELOQFSE MINGW64 ~/OneDrive/GitLocal (master)
$ git push --set-upstream origin master
Enumerating objects: 3, done.
Counting objects: 100% (3/3), done.
Writing objects: 100% (3/3), 222 bytes | 222.00 KiB/s, done.
Total 3 (delta 0), reused 0 (delta 0), pack-reused 0
To https://github.com/chiarelligco/PrimeiroProjeto.git
 * [new branch]      master -> master
Branch 'master' set up to track remote branch 'master' from 'origin'.

chiar@LAPTOP-6ELOQFSE MINGW64 ~/OneDrive/GitLocal (master)
$ git status
On branch master
Your branch is up to date with 'origin/master'.

Untracked files:
  (use "git add <file>..." to include in what will be committed)
        teste.txt

nothing added to commit but untracked files present (use "git add" to track)

chiar@LAPTOP-6ELOQFSE MINGW64 ~/OneDrive/GitLocal (master)
$ git add ./teste.txt

chiar@LAPTOP-6ELOQFSE MINGW64 ~/OneDrive/GitLocal (master)
$ git status
On branch master
Your branch is up to date with 'origin/master'.

Changes to be committed:
  (use "git restore --staged <file>..." to unstage)
        new file:   teste.txt


chiar@LAPTOP-6ELOQFSE MINGW64 ~/OneDrive/GitLocal (master)
$ git commit
Aborting commit due to empty commit message.

chiar@LAPTOP-6ELOQFSE MINGW64 ~/OneDrive/GitLocal (master)
$ git commit "commitado"
error: pathspec 'commitado' did not match any file(s) known to git

chiar@LAPTOP-6ELOQFSE MINGW64 ~/OneDrive/GitLocal (master)
$ git commit -m "comitado"
[master 9a1eeaf] comitado
 1 file changed, 1 insertion(+)
 create mode 100644 teste.txt

chiar@LAPTOP-6ELOQFSE MINGW64 ~/OneDrive/GitLocal (master)
$ git push
Enumerating objects: 4, done.
Counting objects: 100% (4/4), done.
Delta compression using up to 8 threads
Compressing objects: 100% (2/2), done.
Writing objects: 100% (3/3), 294 bytes | 294.00 KiB/s, done.
Total 3 (delta 0), reused 0 (delta 0), pack-reused 0
To https://github.com/chiarelligco/PrimeiroProjeto.git
   df54cac..9a1eeaf  master -> master

chiar@LAPTOP-6ELOQFSE MINGW64 ~/OneDrive/GitLocal (master)
$ git status
On branch master
Your branch is up to date with 'origin/master'.

Changes not staged for commit:
  (use "git add <file>..." to update what will be committed)
  (use "git restore <file>..." to discard changes in working directory)
        modified:   teste.txt

no changes added to commit (use "git add" and/or "git commit -a")

chiar@LAPTOP-6ELOQFSE MINGW64 ~/OneDrive/GitLocal (master)
$ git diff ./teste.txt
diff --git a/teste.txt b/teste.txt
index 087065b..0c4a7dd 100644
--- a/teste.txt
+++ b/teste.txt
@@ -1 +1,3 @@
-Texto qualquer
\ No newline at end of file
+Texto qualquer
+
+mudança
\ No newline at end of file

chiar@LAPTOP-6ELOQFSE MINGW64 ~/OneDrive/GitLocal (master)
$ git add ./teste.txt

chiar@LAPTOP-6ELOQFSE MINGW64 ~/OneDrive/GitLocal (master)
$ git commit -m "commit"
[master 1d5f6d3] commit
 1 file changed, 3 insertions(+), 1 deletion(-)

chiar@LAPTOP-6ELOQFSE MINGW64 ~/OneDrive/GitLocal (master)
$ git push
Enumerating objects: 5, done.
Counting objects: 100% (5/5), done.
Delta compression using up to 8 threads
Compressing objects: 100% (2/2), done.
Writing objects: 100% (3/3), 302 bytes | 302.00 KiB/s, done.
Total 3 (delta 0), reused 0 (delta 0), pack-reused 0
To https://github.com/chiarelligco/PrimeiroProjeto.git
   9a1eeaf..1d5f6d3  master -> master

chiar@LAPTOP-6ELOQFSE MINGW64 ~/OneDrive/GitLocal (master)
$ ^C

chiar@LAPTOP-6ELOQFSE MINGW64 ~/OneDrive/GitLocal (master)
$
